// Jest Snapshot v1, https://goo.gl/fbAQLP

exports[`loadYml utility function loadYml should be able to load a valid yml file 1`] = `
Object {
  "parent1": Object {
    "child1": Object {
      "prop1": "property1",
      "prop2": "property2",
    },
    "child2": Object {
      "prop1": "property1",
      "prop2": "property2",
    },
  },
  "parent2": Object {
    "child1": Object {
      "prop1": "property1",
      "prop2": "property2",
    },
    "child2": Object {
      "prop1": "property1",
      "prop2": "property2",
    },
  },
}
`;

exports[`loadYml utility function loadYml should be able to load a valid yml file with no specified extension 1`] = `
Object {
  "parent1": Object {
    "child1": Object {
      "prop1": "property1",
      "prop2": "property2",
    },
    "child2": Object {
      "prop1": "property1",
      "prop2": "property2",
    },
  },
  "parent2": Object {
    "child1": Object {
      "prop1": "property1",
      "prop2": "property2",
    },
    "child2": Object {
      "prop1": "property1",
      "prop2": "property2",
    },
  },
}
`;
